// Jest Snapshot v1, https://goo.gl/fbAQLP

exports[`Test en <WeatherCard /> Debe hacer match con Snapshot 1`] = `
<div>
  <div
    class="card mb-3 shadow"
  >
    <h5
      class="card-header text-center"
    >
      12-09-2022 | 06:00 hs.
    </h5>
    <div
      class="container mt-2"
    >
      <div
        class="row align-items-center p-3"
      >
        <div
          class="col"
        >
          <img
            alt="icon_1"
            class="rounded img-thumbnail"
            height="0.3rem"
            src="http://openweathermap.org/img/w/icon.png"
          />
        </div>
        <div
          class="col"
        >
          <h2
            class="m-0 text-end"
          >
            1234.0
            °C
          </h2>
        </div>
      </div>
    </div>
    <div
      class="card-body"
    >
      <div
        class="container mt-2"
      >
        <div
          class="row align-items-center text-center"
        >
          <div
            class="col"
          >
            <p
              class="m-0"
            >
              ST: 
              456.0
              °C
            </p>
          </div>
          <div
            class="col"
          >
            <p
              class="m-0"
            >
              Hum: 
              3
              %
            </p>
          </div>
        </div>
        <hr />
        <div
          class="row align-items-center text-center"
        >
          <div
            class="col"
          >
            <p
              class="m-0"
            >
              Pres AT: 
              2
               Pa
            </p>
          </div>
        </div>
      </div>
    </div>
  </div>
</div>
`;
